测试项目
========== 7.3.1 sp_审批流程处理过程 ==========
审批编号	审批状态	审批人学工号	审核意见
APP_TEST_001	审批通过	T001	同意通过
测试项目
========== 7.3.2 sp_发布日常任务 ==========
任务编号	任务类型	任务内容	验收状态	发布人学工号
TASK_TEST_001	卫生打扫	周五大扫除	待验收	T001
测试项目
========== 7.3.3.1 sp_新增班费收入并生成缴费明细 ==========
执行结果
成功创建班费收入记录，收入编号：INCOME_20260615_005，已为10名学生生成缴费明细
生成的收入编号
INCOME_20260615_005
收入编号	收入金额	收入类型
INCOME_20260615_005	0.00	秋游收费
测试项目
========== 7.3.3.2 sp_审批班费支出申请 ==========
执行结果
初审通过，申请已进入终审阶段
支出编号	审批状态	初审人学工号
EXP_TEST_001	待终审	S2023002
测试项目
========== 7.3.4.1 sp_按学期统计班级平均绩点 ==========
所属班级	学生人数	班级平均绩点
计算机2101	1	3.800000
软件工程1班	2	3.585000
测试项目
========== 7.3.4.2 sp_自动计算学生绩点与挂科数 ==========
学生学工号	学期	平均绩点	挂科科目数
S2023001	2023-2024-2	3.00	0
S2023001	2023-2024-2	3.00	0
S2023001	2023-2024-2	3.00	0
S2023001	2023-2024-2	3.00	0
S2023001	2023-2024-2	3.00	0
测试项目
========== 7.3.5.1 sp_统计学生个人学期出勤率 ==========
学生学工号	总考勤次数	正常出勤次数	出勤率百分比
S2023001	1	1	100.00
测试项目
========== 7.3.5.2 sp_生成班级纪律处分统计报表 ==========
测试项目
========== 7.3.6.1 sp_统计获奖人数 ==========
项目名称	获奖等级	获奖人数
优秀班干部	一等奖	1
测试项目
========== 7.3.6.2 sp_活动自动归档 ==========
档案编号	活动编号	总结内容
09a5b145-68b5-11f1-8fb3-e89c25a8bab3	ACT_TEST_01	活动圆满成功
